// Jest Snapshot v1, https://goo.gl/fbAQLP

exports[`Stepper Component matches snapshot 1`] = `
<div
  class="w-full"
>
  <div
    class="mb-8"
  >
    <div
      class="flex items-center justify-between mb-2"
    >
      <span
        class="text-sm text-gray-400"
      >
        Progress
      </span>
      <span
        class="text-sm text-gray-400"
      >
        67%
      </span>
    </div>
    <div
      class="w-full bg-gray-700 rounded-full h-2"
    >
      <div
        class="bg-blue-600 h-2 rounded-full transition-all duration-300"
        style="width: 66.66666666666666%;"
      />
    </div>
  </div>
  <div
    class="flex items-center justify-between"
  >
    <div
      class="flex flex-col items-center relative"
    >
      <div
        class="relative z-10 w-10 h-10 rounded-full border-2 flex items-center justify-center font-medium text-sm transition-all duration-200 bg-green-600 text-green-100 border-green-600 "
        disabled=""
      >
        <svg
          class="w-5 h-5"
          fill="none"
          stroke="currentColor"
          viewBox="0 0 24 24"
        >
          <path
            d="M5 13l4 4L19 7"
            stroke-linecap="round"
            stroke-linejoin="round"
            stroke-width="2"
          />
        </svg>
      </div>
      <div
        class="mt-3 text-center"
      >
        <div
          class="text-sm font-medium text-green-400"
        >
          Step 1
        </div>
        <div
          class="text-xs text-gray-500 mt-1"
        >
          First step
        </div>
      </div>
    </div>
    <div
      class="flex flex-col items-center relative"
    >
      <div
        class="relative z-10 w-10 h-10 rounded-full border-2 flex items-center justify-center font-medium text-sm transition-all duration-200 bg-blue-600 text-blue-100 border-blue-600 "
        disabled=""
      >
        <span>
          2
        </span>
      </div>
      <div
        class="mt-3 text-center"
      >
        <div
          class="text-sm font-medium text-blue-400"
        >
          Step 2
        </div>
        <div
          class="text-xs text-gray-500 mt-1"
        >
          Second step
        </div>
      </div>
    </div>
    <div
      class="flex flex-col items-center relative"
    >
      <div
        class="relative z-10 w-10 h-10 rounded-full border-2 flex items-center justify-center font-medium text-sm transition-all duration-200 bg-gray-600 text-gray-400 border-gray-600 "
        disabled=""
      >
        <span>
          3
        </span>
      </div>
      <div
        class="mt-3 text-center"
      >
        <div
          class="text-sm font-medium text-gray-400"
        >
          Step 3
        </div>
        <div
          class="text-xs text-gray-500 mt-1"
        >
          Third step
        </div>
      </div>
    </div>
  </div>
</div>
`;
