// Jest Snapshot v1, https://goo.gl/fbAQLP

exports[`Header Component matches snapshot 1`] = `
<div
  class="flex items-center justify-between bg-gray-800 p-2 shadow-md flex-shrink-0"
>
  <div
    class="flex items-center"
  >
    <svg
      class="h-6 w-6 mr-2 text-blue-400"
      fill="none"
      stroke="currentColor"
      viewBox="0 0 24 24"
      xmlns="http://www.w3.org/2000/svg"
    >
      <path
        d="M9 12h6m-6 4h6m2 5H7a2 2 0 01-2-2V5a2 2 0 012-2h5.586a1 1 0 01.707.293l5.414 5.414a1 1 0 01.293.707V19a2 2 0 01-2 2z"
        stroke-linecap="round"
        stroke-linejoin="round"
        stroke-width="2"
      />
    </svg>
    <span
      class="font-bold text-white"
    >
      Nightingale CMS - React
    </span>
  </div>
  <div
    class="flex items-center space-x-3"
  >
    <div
      class="text-sm"
    >
      <button
        class="px-2 py-1 rounded text-xs font-medium transition-colors flex items-center space-x-1 bg-green-600 text-green-100 hover:bg-green-500 cursor-pointer"
        title="Click to open settings and change save folder"
      >
        <span>
          Connected
        </span>
        <svg
          class="w-3 h-3"
          fill="none"
          stroke="currentColor"
          viewBox="0 0 24 24"
        >
          <path
            d="M10.325 4.317c.426-1.756 2.924-1.756 3.35 0a1.724 1.724 0 002.573 1.066c1.543-.94 3.31.826 2.37 2.37a1.724 1.724 0 001.065 2.572c1.756.426 1.756 2.924 0 3.35a1.724 1.724 0 00-1.066 2.573c.94 1.543-.826 3.31-2.37 2.37a1.724 1.724 0 00-2.572 1.065c-.426 1.756-2.924 1.756-3.35 0a1.724 1.724 0 00-2.573-1.066c-1.543.94-3.31-.826-2.37-2.37a1.724 1.724 0 00-1.065-2.572c-1.756-.426-1.756-2.924 0-3.35a1.724 1.724 0 001.066-2.573c-.94-1.543.826-3.31 2.37-2.37.996.608 2.296.096 2.572-1.065z"
            stroke-linecap="round"
            stroke-linejoin="round"
            stroke-width="2"
          />
          <path
            d="M15 12a3 3 0 11-6 0 3 3 0 016 0z"
            stroke-linecap="round"
            stroke-linejoin="round"
            stroke-width="2"
          />
        </svg>
      </button>
    </div>
    <div
      class="flex items-center space-x-1.5"
      title="Auto-saved 2 minutes ago"
    >
      <span
        class="text-sm"
      >
        âœ“
      </span>
      <span
        class="text-xs text-green-400"
      >
        Saved
      </span>
    </div>
    <div
      class="flex space-x-2"
    >
      <div
        class="w-3 h-3 bg-yellow-400 rounded-full"
      />
      <div
        class="w-3 h-3 bg-green-400 rounded-full"
      />
      <div
        class="w-3 h-3 bg-red-400 rounded-full"
      />
    </div>
  </div>
</div>
`;
