// Jest Snapshot v1, https://goo.gl/fbAQLP

exports[`Sidebar Component matches snapshot 1`] = `
<div
  class="w-16 bg-gray-800 border-r border-gray-700 flex flex-col"
>
  <div
    class="p-4 border-b border-gray-700"
  >
    <h1
      class="text-blue-400 font-bold text-sm text-center"
    >
      CMS
    </h1>
  </div>
  <nav
    class="flex-1 p-2 space-y-2"
  >
    <button
      class="w-full p-3 rounded-md transition-all duration-200 group relative text-gray-400 hover:bg-gray-700 hover:text-white"
      title="Dashboard"
    >
      <svg
        class="w-5 h-5 mx-auto"
        fill="none"
        stroke="currentColor"
        stroke-width="2"
        viewBox="0 0 24 24"
      >
        <path
          d="M3 7v10a2 2 0 002 2h14a2 2 0 002-2V9a2 2 0 00-2-2H5a2 2 0 00-2-2z"
          stroke-linecap="round"
          stroke-linejoin="round"
        />
      </svg>
      <div
        class="absolute left-full ml-2 px-2 py-1 bg-gray-900 text-white text-xs rounded opacity-0 group-hover:opacity-100 transition-opacity pointer-events-none whitespace-nowrap z-50"
      >
        Dashboard
      </div>
    </button>
    <button
      class="w-full p-3 rounded-md transition-all duration-200 group relative bg-blue-600 text-white"
      title="Cases"
    >
      <svg
        class="w-5 h-5 mx-auto"
        fill="none"
        stroke="currentColor"
        stroke-width="2"
        viewBox="0 0 24 24"
      >
        <path
          d="M9 12h6m-6 4h6m2 5H7a2 2 0 01-2-2V5a2 2 0 012-2h5.586a1 1 0 01.707.293l5.414 5.414a1 1 0 01.293.707V19a2 2 0 01-2 2z"
          stroke-linecap="round"
          stroke-linejoin="round"
        />
      </svg>
      <div
        class="absolute left-full ml-2 px-2 py-1 bg-gray-900 text-white text-xs rounded opacity-0 group-hover:opacity-100 transition-opacity pointer-events-none whitespace-nowrap z-50"
      >
        Cases
      </div>
    </button>
    <button
      class="w-full p-3 rounded-md transition-all duration-200 group relative text-gray-400 hover:bg-gray-700 hover:text-white"
      title="People"
    >
      <svg
        class="w-5 h-5 mx-auto"
        fill="none"
        stroke="currentColor"
        stroke-width="2"
        viewBox="0 0 24 24"
      >
        <path
          d="M17 20h5v-2a3 3 0 00-5.356-1.857M17 20H7m10 0v-2c0-.656-.126-1.283-.356-1.857M7 20H2v-2a3 3 0 015.356-1.857M7 20v-2c0-.656.126-1.283.356-1.857m0 0a5.002 5.002 0 019.288 0M15 7a3 3 0 11-6 0 3 3 0 016 0z"
          stroke-linecap="round"
          stroke-linejoin="round"
        />
      </svg>
      <div
        class="absolute left-full ml-2 px-2 py-1 bg-gray-900 text-white text-xs rounded opacity-0 group-hover:opacity-100 transition-opacity pointer-events-none whitespace-nowrap z-50"
      >
        People
      </div>
    </button>
    <button
      class="w-full p-3 rounded-md transition-all duration-200 group relative text-gray-400 hover:bg-gray-700 hover:text-white"
      title="Organizations"
    >
      <svg
        class="w-5 h-5 mx-auto"
        fill="none"
        stroke="currentColor"
        stroke-width="2"
        viewBox="0 0 24 24"
      >
        <path
          d="M19 21V5a2 2 0 00-2-2H7a2 2 0 00-2 2v16m14 0h2m-2 0h-5m-9 0H3m2 0h5M9 7h1m-1 4h1m4-4h1m-1 4h1m-5 10v-5a1 1 0 011-1h2a1 1 0 011 1v5m-4 0h4"
          stroke-linecap="round"
          stroke-linejoin="round"
        />
      </svg>
      <div
        class="absolute left-full ml-2 px-2 py-1 bg-gray-900 text-white text-xs rounded opacity-0 group-hover:opacity-100 transition-opacity pointer-events-none whitespace-nowrap z-50"
      >
        Organizations
      </div>
    </button>
    <button
      class="w-full p-3 rounded-md transition-all duration-200 group relative text-gray-400 hover:bg-gray-700 hover:text-white"
      title="Eligibility"
    >
      <svg
        class="w-5 h-5 mx-auto"
        fill="none"
        stroke="currentColor"
        stroke-width="2"
        viewBox="0 0 24 24"
      >
        <path
          d="M9 12l2 2 4-4m6 2a9 9 0 11-18 0 9 9 0 0118 0z"
          stroke-linecap="round"
          stroke-linejoin="round"
        />
      </svg>
      <div
        class="absolute left-full ml-2 px-2 py-1 bg-gray-900 text-white text-xs rounded opacity-0 group-hover:opacity-100 transition-opacity pointer-events-none whitespace-nowrap z-50"
      >
        Eligibility
      </div>
    </button>
  </nav>
</div>
`;
