// Jest Snapshot v1, https://goo.gl/fbAQLP

exports[`NightingaleCMSApp Component matches snapshot 1`] = `
<div
  class="h-screen w-screen flex"
  style=""
>
  <div>
    Sidebar
  </div>
  <div
    class="flex-1 flex flex-col overflow-hidden"
  >
    <div>
      Header
    </div>
    <main
      class="flex-1 overflow-auto p-6 bg-gray-900"
    >
      <div>
        Dashboard
      </div>
    </main>
  </div>
  <div>
    Settings
  </div>
</div>
`;
